../Core/Src/mpu9250.c:15:13:filter_measurements	24	static
../Core/Src/mpu9250.c:38:13:activate_spi_mpu9250	8	static
../Core/Src/mpu9250.c:43:13:deactivate_spi_mpu9250	8	static
../Core/Src/mpu9250.c:48:6:ak8963_write_reg	16	static
../Core/Src/mpu9250.c:56:6:ak8963_read_reg	16	static
../Core/Src/mpu9250.c:66:6:mpu9250_init	16	static
../Core/Src/mpu9250.c:117:6:mpu9250_read_sensor	24	static
../Core/Src/mpu9250.c:173:6:mpu9250_write_reg	16	static
../Core/Src/mpu9250.c:181:6:mpu9250_read_reg	24	static
../Core/Src/mpu9250.c:190:6:HAL_SPI_RxCpltCallback	16	static
